// Jest Snapshot v1, https://goo.gl/fbAQLP

exports[`BulkSelectButton tests should render correctly 1`] = `
<div>
  <button
    aria-disabled="false"
    class="pf-v5-c-button pf-m-secondary pref-c-bulk-select-button pf-v5-u-mb-md"
    data-ouia-component-id="OUIA-Generated-Button-secondary-1"
    data-ouia-component-type="PF5/Button"
    data-ouia-safe="true"
    id="bulk-select-undefined"
    type="button"
    value="true"
  >
    Select
     all
  </button>
</div>
`;
