// Jest Snapshot v1, https://goo.gl/fbAQLP

exports[`DataListLayout checkbox tests should render correctly 1`] = `
<DataListLayout
  __versions={
    Object {
      "final-form": "4.19.1",
      "react-final-form": "6.4.0",
    }
  }
  clearedValue={true}
  dirty={false}
  dirtyFields={Object {}}
  dirtyFieldsSinceLastSubmit={Object {}}
  dirtySinceLastSubmit={false}
  errors={Object {}}
  form={
    Object {
      "batch": [Function],
      "blur": [Function],
      "change": [Function],
      "destroyOnUnregister": false,
      "focus": [Function],
      "getFieldState": [Function],
      "getRegisteredFields": [Function],
      "getState": [Function],
      "initialize": [Function],
      "isValidationPaused": [Function],
      "mutators": Object {},
      "pauseValidation": [Function],
      "registerField": [Function],
      "reset": [Function],
      "resetFieldState": [Function],
      "resumeValidation": [Function],
      "setConfig": [Function],
      "submit": [Function],
      "subscribe": [Function],
    }
  }
  formOptions={
    Object {
      "renderForm": [Function],
    }
  }
  handleSubmit={[Function]}
  hasSubmitErrors={false}
  hasValidationErrors={false}
  invalid={false}
  label="test label"
  modified={
    Object {
      "undefined": false,
    }
  }
  pristine={true}
  sections={
    Array [
      Object {
        "fields": Array [
          Object {
            "fields": Array [],
          },
        ],
        "label": "test",
      },
    ]
  }
  submitFailed={false}
  submitSucceeded={false}
  submitting={false}
  touched={
    Object {
      "undefined": false,
    }
  }
  valid={true}
  validating={false}
  values={Object {}}
  visited={
    Object {
      "undefined": false,
    }
  }
>
  <Component
    __versions={
      Object {
        "final-form": "4.19.1",
        "react-final-form": "6.4.0",
      }
    }
    aria-label="test label"
    clearedValue={true}
    dirty={false}
    dirtyFields={Object {}}
    dirtyFieldsSinceLastSubmit={Object {}}
    dirtySinceLastSubmit={false}
    errors={Object {}}
    form={
      Object {
        "batch": [Function],
        "blur": [Function],
        "change": [Function],
        "destroyOnUnregister": false,
        "focus": [Function],
        "getFieldState": [Function],
        "getRegisteredFields": [Function],
        "getState": [Function],
        "initialize": [Function],
        "isValidationPaused": [Function],
        "mutators": Object {},
        "pauseValidation": [Function],
        "registerField": [Function],
        "reset": [Function],
        "resetFieldState": [Function],
        "resumeValidation": [Function],
        "setConfig": [Function],
        "submit": [Function],
        "subscribe": [Function],
      }
    }
    formOptions={
      Object {
        "renderForm": [Function],
      }
    }
    handleSubmit={[Function]}
    hasSubmitErrors={false}
    hasValidationErrors={false}
    invalid={false}
    label="test label"
    modified={
      Object {
        "undefined": false,
      }
    }
    pristine={true}
    sections={
      Array [
        Object {
          "fields": Array [
            Object {
              "fields": Array [],
            },
          ],
          "label": "test",
        },
      ]
    }
    submitFailed={false}
    submitSucceeded={false}
    submitting={false}
    touched={
      Object {
        "undefined": false,
      }
    }
    valid={true}
    validating={false}
    values={Object {}}
    visited={
      Object {
        "undefined": false,
      }
    }
  >
    <ul
      __versions={
        Object {
          "final-form": "4.19.1",
          "react-final-form": "6.4.0",
        }
      }
      aria-label="test label"
      className="pf-c-data-list"
      clearedValue={true}
      dirty={false}
      dirtyFields={Object {}}
      dirtyFieldsSinceLastSubmit={Object {}}
      dirtySinceLastSubmit={false}
      errors={Object {}}
      form={
        Object {
          "batch": [Function],
          "blur": [Function],
          "change": [Function],
          "destroyOnUnregister": false,
          "focus": [Function],
          "getFieldState": [Function],
          "getRegisteredFields": [Function],
          "getState": [Function],
          "initialize": [Function],
          "isValidationPaused": [Function],
          "mutators": Object {},
          "pauseValidation": [Function],
          "registerField": [Function],
          "reset": [Function],
          "resetFieldState": [Function],
          "resumeValidation": [Function],
          "setConfig": [Function],
          "submit": [Function],
          "subscribe": [Function],
        }
      }
      formOptions={
        Object {
          "renderForm": [Function],
        }
      }
      handleSubmit={[Function]}
      hasSubmitErrors={false}
      hasValidationErrors={false}
      invalid={false}
      label="test label"
      modified={
        Object {
          "undefined": false,
        }
      }
      pristine={true}
      sections={
        Array [
          Object {
            "fields": Array [
              Object {
                "fields": Array [],
              },
            ],
            "label": "test",
          },
        ]
      }
      submitFailed={false}
      submitSucceeded={false}
      submitting={false}
      touched={
        Object {
          "undefined": false,
        }
      }
      valid={true}
      validating={false}
      values={Object {}}
      visited={
        Object {
          "undefined": false,
        }
      }
    >
      <Component
        aria-labelledby="simple-item1"
        key="0"
      >
        <li
          aria-labelledby="simple-item1"
          className="pf-c-data-list__item"
          id=""
        >
          <DataListRow
            fields={Array []}
            fieldsKey={0}
            formOptions={
              Object {
                "renderForm": [Function],
              }
            }
            key=".$0-0"
            label="test"
            rowid="simple-item1"
          >
            <Component>
              <div
                className="pf-c-data-list__item-row"
              >
                <Component
                  dataListCells={
                    Array [
                      <Unknown
                        className="pref-c-title pref-u-bold"
                        isFilled={false}
                      >
                        test
                      </Unknown>,
                      <Unknown
                        isFilled={true}
                      />,
                    ]
                  }
                  key=".0"
                  rowid=""
                >
                  <div
                    className="pf-c-data-list__item-content"
                  >
                    <Component
                      className="pref-c-title pref-u-bold"
                      isFilled={false}
                      key="0-title"
                    >
                      <div
                        className="pf-c-data-list__cell pf-m-no-fill pref-c-title pref-u-bold"
                      >
                        test
                      </div>
                    </Component>
                    <Component
                      isFilled={true}
                      key="0-content"
                    >
                      <div
                        className="pf-c-data-list__cell"
                      />
                    </Component>
                  </div>
                </Component>
              </div>
            </Component>
          </DataListRow>
        </li>
      </Component>
    </ul>
  </Component>
</DataListLayout>
`;
