// Jest Snapshot v1, https://goo.gl/fbAQLP

exports[`Descriptive checkbox tests should render correctly 1`] = `
<div>
  <div
    class="pf-v6-c-check pref-c-descriptive-checkbox"
  >
    <input
      aria-invalid="false"
      checked=""
      class="pf-v6-c-check__input"
      data-ouia-component-id="OUIA-Generated-Checkbox-1"
      data-ouia-component-type="PF6/Checkbox"
      data-ouia-safe="true"
      data-type="descriptive-checkbox"
      id="descriptive-checkbox-"
      name=""
      type="checkbox"
      value=""
    />
    <label
      class="pf-v6-c-check__label"
      for="descriptive-checkbox-"
    >
      test label
    </label>
    <span
      class="pf-v6-c-check__description"
    >
      <div />
    </span>
  </div>
</div>
`;
