// Jest Snapshot v1, https://goo.gl/fbAQLP

exports[`Loader component tests should render correctly 1`] = `
<div>
  <div>
    <div
      class="pf-c-skeleton ins-c-skeleton ins-c-skeleton__sm"
    >
      <span
        class="pf-u-screen-reader"
      />
    </div>
  </div>
</div>
`;
