// Jest Snapshot v1, https://goo.gl/fbAQLP

exports[`Notifications tests should render correctly 1`] = `
<div>
  <div
    class="pref-notifications--container"
    id="notifications-container"
  >
    <div
      class="pref-notifications--wrapper"
    >
      <div
        class="pref-notifications--grid"
        id="notifications-grid"
      >
        <div
          class="pref-notifications--head"
        >
          <h1
            class="pf-c-title pf-m-2xl pref-notifications--title sticky"
            data-ouia-component-id="OUIA-Generated-Title-1"
            data-ouia-component-type="PF4/Title"
            data-ouia-safe="true"
            widget-type="InsightsPageHeaderTitle"
          >
            My Notifications
          </h1>
          <p
            class="pref-notifications--subtitle"
            data-ouia-component-id="OUIA-Generated-Text-1"
            data-ouia-component-type="PF4/Text"
            data-ouia-safe="true"
            data-pf-content="true"
          >
            Opt in or out of receiving notifications, and choose how you want to be notified. Your Organization Administrator has configured which notifications you can or canâ€™t receive in their
             
            <a
              href="/settings/notifications"
            >
              Settings
            </a>
            .
            Scalprum Component Mock
          </p>
        </div>
        <form
          style="display: contents;"
        >
          <div
            class="pref-notifications--nav"
          >
            <div
              class="pf-c-menu pf-m-plain pf-m-scrollable"
              data-ouia-component-id="OUIA-Generated-Menu-1"
              data-ouia-component-type="PF4/Menu"
              data-ouia-safe="true"
            >
              <div
                class="pf-c-menu__search pf-u-mx-sm"
              >
                <input
                  aria-invalid="false"
                  aria-label="Filter menu items"
                  class="pf-c-form-control pf-m-search"
                  data-ouia-component-id="OUIA-Generated-TextInputBase-1"
                  data-ouia-component-type="PF4/TextInput"
                  data-ouia-safe="true"
                  placeholder="Search services"
                  type="search"
                  value=""
                />
              </div>
              <hr
                class="pf-c-divider"
              />
              <div
                class="pf-c-menu__content"
                id="notifications-menu-content"
              >
                <section
                  class="pf-c-menu__group pf-u-px-sm"
                >
                  <h1
                    class="pf-c-menu__group-title"
                    id=""
                  >
                    Console
                  </h1>
                  <ul
                    class="pf-c-menu__list"
                    role="menu"
                  >
                    <li
                      class="pf-c-menu__list-item"
                      role="none"
                    >
                      <button
                        class="pf-c-menu__item"
                        role="menuitem"
                        tabindex="0"
                        type="button"
                      >
                        <span
                          class="pf-c-menu__item-main"
                        >
                          <span
                            class="pf-c-menu__item-text"
                          >
                            Sources
                          </span>
                        </span>
                      </button>
                    </li>
                  </ul>
                </section>
              </div>
            </div>
          </div>
          <div
            class="pref-notifications--inputs"
          >
            <h3
              class="pf-c-title pf-m-xl pf-u-pb-xs"
              data-ouia-component-id="OUIA-Generated-Title-2"
              data-ouia-component-type="PF4/Title"
              data-ouia-safe="true"
            >
              Sources | Console
            </h3>
            <p
              class="pf-u-mb-md"
              data-ouia-component-id="OUIA-Generated-Text-2"
              data-ouia-component-type="PF4/Text"
              data-ouia-safe="true"
              data-pf-content="true"
            >
              Configure your 
              Sources
               notifications.
            </p>
            <div>
              <div
                class="pf-c-form"
              >
                <button
                  aria-disabled="false"
                  class="pf-c-button pf-m-secondary pref-c-bulk-select-button"
                  data-ouia-component-id="OUIA-Generated-Button-secondary-2"
                  data-ouia-component-type="PF4/Button"
                  data-ouia-safe="true"
                  id="bulk-select-sources"
                  name="bundles[console].applications[sources].eventTypes[BULK_SELECT_BUTTON]"
                  type="button"
                  value="true"
                >
                  Select
                   all
                </button>
                <div
                  class="pf-c-form__group pref-c-input-category"
                >
                  <div
                    class="pf-c-form__group-label"
                  >
                    <label
                      class="pf-c-form__label"
                    >
                      <span
                        class="pf-c-form__label-text"
                      >
                        Event notifications
                      </span>
                    </label>
                     
                  </div>
                  <div
                    class="pf-c-form__group-control"
                  >
                    <p
                      class="pf-u-pb-md"
                      data-ouia-component-id="OUIA-Generated-Text-4"
                      data-ouia-component-type="PF4/Text"
                      data-ouia-safe="true"
                      data-pf-content="true"
                    >
                      Select how would you like to receive notifications for each event.
                    </p>
                    <div
                      class="pf-c-form__group pref-c-input-group"
                    >
                      <div
                        class="pf-c-form__group-control"
                      >
                        <div
                          class="pf-c-check pref-c-descriptive-checkbox"
                        >
                          <input
                            aria-invalid="false"
                            class="pf-c-check__input"
                            data-ouia-component-id="OUIA-Generated-Checkbox-3"
                            data-ouia-component-type="PF4/Checkbox"
                            data-ouia-safe="true"
                            data-type="descriptive-checkbox"
                            id="descriptive-checkbox-bundles[console].applications[sources].notifications[INSTANT]"
                            name="bundles[console].applications[sources].notifications[INSTANT]"
                            type="checkbox"
                            value=""
                          />
                          <label
                            class="pf-c-check__label"
                            for="descriptive-checkbox-bundles[console].applications[sources].notifications[INSTANT]"
                          >
                            Instant notification
                          </label>
                          <span
                            class="pf-c-check__description"
                          >
                            <div />
                          </span>
                        </div>
                        <div
                          class="pf-c-check pref-c-descriptive-checkbox"
                        >
                          <input
                            aria-invalid="false"
                            class="pf-c-check__input"
                            data-ouia-component-id="OUIA-Generated-Checkbox-4"
                            data-ouia-component-type="PF4/Checkbox"
                            data-ouia-safe="true"
                            data-type="descriptive-checkbox"
                            id="descriptive-checkbox-is_subscribed"
                            name="is_subscribed"
                            type="checkbox"
                            value=""
                          />
                          <label
                            class="pf-c-check__label"
                            for="descriptive-checkbox-is_subscribed"
                          >
                            email test
                          </label>
                          <span
                            class="pf-c-check__description"
                          >
                            <div />
                          </span>
                        </div>
                        
                      </div>
                    </div>
                    
                  </div>
                </div>
              </div>
            </div>
          </div>
        </form>
      </div>
    </div>
  </div>
</div>
`;
