// Jest Snapshot v1, https://goo.gl/fbAQLP

exports[`getSection should return loader 1`] = `
<div>
  <div
    class="pf-v5-c-skeleton ins-c-skeleton ins-c-skeleton__md"
  >
    <span
      class="pf-v5-screen-reader"
    />
  </div>
</div>
`;
